--- a/internal/config/config.go
+++ b/internal/config/config.go
          | ...
 228  228   // ActiveToken will retrieve the active auth token for the given hostname,
 229  229   // searching environment variables, plain text config, and
 230  230   // lastly encrypted storage.
 231  231   func (c *AuthConfig) ActiveToken(hostname string) (string, string) {
 232  232   	if c.tokenOverride != nil {
 233  233   		return c.tokenOverride(hostname)
 234  234   	}
 235  235   	token, source := ghauth.TokenFromEnvOrConfig(hostname)
 236  236   	if token == "" {
      237 + 		var user string
 237  238   		var err error
      239 + 		if user, err = c.ActiveUser(hostname); err == nil {
      240 + 			token, err = c.TokenFromKeyringForUser(hostname, user)
      241 + 		}
      242 + 		if err != nil {
      243 + 			// We should generally be able to find a token for the active user,
      244 + 			// but in some cases such as if the keyring was set up in a very old
      245 + 			// version of the CLI, it may only have a unkeyed token, so fallback
      246 + 			// to it.
 238      ~ 		token, err = c.TokenFromKeyring(hostname)
      247 ~ 			token, err = c.TokenFromKeyring(hostname)
      248 + 		}
 239  249   		if err == nil {
 240  250   			source = "keyring"
 241  251   		}
 242  252   	}
 243  253   	return token, source
 244  254   }
 245  255   
 246  256   // HasActiveToken returns true when a token for the hostname is present.
 247  257   func (c *AuthConfig) HasActiveToken(hostname string) bool {
          | ...
