--- a/src/flask/app.py
+++ b/src/flask/app.py
          | ...
  12   12   from itertools import chain
  13   13   from types import TracebackType
  14   14   from urllib.parse import quote as _url_quote
       15 + from urllib.parse import urlsplit
  15   16   
  16   17   import click
  17   18   from werkzeug.datastructures import Headers
          | ...
 106  107       return update_wrapper(wrapper, f)  # type: ignore[return-value]
 107  108   
 108  109   
 109  110   class Flask(App):
 110  111       """The flask object implements a WSGI application and acts as the central
 111  112       object.  It is passed the name of the module or package of the
 112  113       application.  Once it is created it will act as a central registry for
          | ...
 629  630               rv.update(processor())
 630  631           return rv
 631  632   
 632  633       def run(
 633  634           self,
 634  635           host: str | None = None,
 635  636           port: int | None = None,
 636  637           debug: bool | None = None,
 637  638           load_dotenv: bool = True,
 638  639           **options: t.Any,
 639  640       ) -> None:
 640  641           """Runs the application on a local development server.
 641  642   
 642  643           Do not use ``run()`` in a production setting. It is not intended to
          | ...
 721  722           sn_host = sn_port = None
 722  723   
 723  724           if server_name:
 724      -             sn_host, _, sn_port = server_name.partition(":")
      725 +             server_url = urlsplit(f"//{server_name}")
      726 +             sn_host = server_url.hostname
      727 +             sn_port = server_url.port
 725  728   
 726  729           if not host:
 727  730               if sn_host:
          | ...
 731  734   
 732  735           if port or port == 0:
 733  736               port = int(port)
 734      -         elif sn_port:
 735      -             port = int(sn_port)
      737 +         elif sn_port is not None:
      738 +             port = sn_port
 736  739           else:
 737  740               port = 5000
 738  741   
          | ...
 745  748           from werkzeug.serving import run_simple
 746  749   
 747  750           try:
 748      -             run_simple(t.cast(str, host), port, self, **options)
      751 +             run_simple(host, port, self, **options)
 749  752           finally:
 750  753               # reset the first request information if the development server
 751  754               # reset normally.  This makes it possible to restart the server
          | ...
