--- a/src/flask/sansio/scaffold.py
+++ b/src/flask/sansio/scaffold.py
          | ...
  49   49       return t.cast(F, update_wrapper(wrapper_func, f))
  50   50   
  51   51   
  52   52   class Scaffold:
  53   53       """Common behavior shared between :class:`~flask.Flask` and
  54   54       :class:`~flask.blueprints.Blueprint`.
  55   55   
          | ...
 300  300           """
 301  301           return self._method_route("GET", rule, options)
      302 + 
      303 +     @setupmethod
      304 +     def query(self, rule: str, **options: t.Any) -> t.Callable[[T_route], T_route]:
      305 +         """Shortcut for :meth:`route` with ``methods=["QUERY"]``.
      306 + 
      307 +         .. versionadded:: 3.2
      308 +         """
      309 +         return self._method_route("QUERY", rule, options)
 302  310   
 303  311       @setupmethod
 304  312       def post(self, rule: str, **options: t.Any) -> t.Callable[[T_route], T_route]:
          | ...
