--- a/src/requests/utils.py
+++ b/src/requests/utils.py
          | ...
 204  204       return max(0, total_length - current_position)
 205  205   
 206  206   
 207  207   def get_netrc_auth(url, raise_errors=False):
 208  208       """Returns the Requests tuple auth for a given url from netrc."""
 209  209   
 210  210       netrc_file = os.environ.get("NETRC")
          | ...
 237  237   
 238  238           ri = urlparse(url)
 239      - 
 240      -         # Strip port numbers from netloc. This weird `if...encode`` dance is
 241      -         # used for Python 3.2, which doesn't support unicode literals.
 242      -         splitstr = b":"
 243      -         if isinstance(url, str):
 244      -             splitstr = splitstr.decode("ascii")
 245      -         host = ri.netloc.split(splitstr)[0]
      239 +         host = ri.hostname
 246  240   
 247  241           try:
 248  242               _netrc = netrc(netrc_path).authenticators(host)
          | ...
